  [1m[35m (0.3ms)[0m  [1m[35mCREATE DATABASE "security_test_development" ENCODING = 'unicode'[0m
  [1m[35m (2.4ms)[0m  [1m[35mCREATE TABLE "schema_migrations" ("version" character varying NOT NULL PRIMARY KEY)[0m
  [1m[35m (1.4ms)[0m  [1m[35mCREATE TABLE "ar_internal_metadata" ("key" character varying NOT NULL PRIMARY KEY, "value" character varying, "created_at" timestamp(6) NOT NULL, "updated_at" timestamp(6) NOT NULL)[0m
  [1m[35m (0.1ms)[0m  [1m[34mSELECT pg_try_advisory_lock(1464292117456296345)[0m
  [1m[36mActiveRecord::SchemaMigration Load (0.1ms)[0m  [1m[34mSELECT "schema_migrations"."version" FROM "schema_migrations" ORDER BY "schema_migrations"."version" ASC[0m
  [1m[36mActiveRecord::InternalMetadata Load (0.2ms)[0m  [1m[34mSELECT * FROM "ar_internal_metadata" WHERE "ar_internal_metadata"."key" = $1 ORDER BY "ar_internal_metadata"."key" ASC LIMIT 1[0m  [[nil, "environment"]]
  [1m[36mActiveRecord::InternalMetadata Create (0.2ms)[0m  [1m[32mINSERT INTO "ar_internal_metadata" ("key", "value", "created_at", "updated_at") VALUES ('environment', 'development', '2026-01-17 15:33:31.577750', '2026-01-17 15:33:31.577752') RETURNING "key"[0m
Migrating to CreateUsers (20240101000000)
  [1m[36mTRANSACTION (0.0ms)[0m  [1m[35mBEGIN[0m
  [1m[35m (2.9ms)[0m  [1m[35mCREATE TABLE "users" ("id" bigserial primary key, "email" character varying NOT NULL, "name" character varying, "password" character varying, "is_admin" boolean DEFAULT FALSE, "created_at" timestamp(6) NOT NULL, "updated_at" timestamp(6) NOT NULL)[0m
  [1m[35m (0.6ms)[0m  [1m[35mCREATE UNIQUE INDEX "index_users_on_email" ON "users" ("email")[0m
  [1m[36mActiveRecord::SchemaMigration Create (0.1ms)[0m  [1m[32mINSERT INTO "schema_migrations" ("version") VALUES ('20240101000000') RETURNING "version"[0m
  [1m[36mTRANSACTION (0.2ms)[0m  [1m[35mCOMMIT[0m
  [1m[35m (0.1ms)[0m  [1m[34mSELECT pg_advisory_unlock(1464292117456296345)[0m
  [1m[36mActiveRecord::SchemaMigration Load (0.1ms)[0m  [1m[34mSELECT "schema_migrations"."version" FROM "schema_migrations" ORDER BY "schema_migrations"."version" ASC[0m
  [1m[36mActiveRecord::SchemaMigration Load (0.6ms)[0m  [1m[34mSELECT "schema_migrations"."version" FROM "schema_migrations" ORDER BY "schema_migrations"."version" ASC[0m
  [1m[36mTRANSACTION (0.1ms)[0m  [1m[35mBEGIN[0m
  [1m[36mUser Create (1.0ms)[0m  [1m[32mINSERT INTO "users" ("email", "name", "password", "is_admin", "created_at", "updated_at") VALUES ($1, $2, $3, $4, $5, $6) RETURNING "id"[0m  [["email", "admin@test.com"], ["name", "Admin User"], ["password", "admin123"], ["is_admin", true], ["created_at", "2026-01-17 15:33:32.380426"], ["updated_at", "2026-01-17 15:33:32.380426"]]
  [1m[36mTRANSACTION (0.3ms)[0m  [1m[35mCOMMIT[0m
  [1m[36mTRANSACTION (0.1ms)[0m  [1m[35mBEGIN[0m
  [1m[36mUser Create (0.5ms)[0m  [1m[32mINSERT INTO "users" ("email", "name", "password", "is_admin", "created_at", "updated_at") VALUES ($1, $2, $3, $4, $5, $6) RETURNING "id"[0m  [["email", "user@test.com"], ["name", "Normal User"], ["password", "user123"], ["is_admin", false], ["created_at", "2026-01-17 15:33:32.383020"], ["updated_at", "2026-01-17 15:33:32.383020"]]
  [1m[36mTRANSACTION (0.2ms)[0m  [1m[35mCOMMIT[0m
Started GET "/" for 192.168.65.1 at 2026-01-17 15:34:11 +0000
  [1m[36mActiveRecord::SchemaMigration Load (0.3ms)[0m  [1m[34mSELECT "schema_migrations"."version" FROM "schema_migrations" ORDER BY "schema_migrations"."version" ASC[0m
Processing by SessionsController#new as HTML
  Rendering layout layouts/application.html.erb
  Rendering sessions/new.html.erb within layouts/application
  Rendered sessions/new.html.erb within layouts/application (Duration: 2.1ms | Allocations: 1885)
  Rendered layout layouts/application.html.erb (Duration: 2.9ms | Allocations: 2397)
Completed 200 OK in 7ms (Views: 4.5ms | ActiveRecord: 0.0ms | Allocations: 8652)


Started GET "/favicon.ico" for 192.168.65.1 at 2026-01-17 15:34:11 +0000
  
ActionController::RoutingError (No route matches [GET] "/favicon.ico"):
  
Started GET "/signup" for 192.168.65.1 at 2026-01-17 15:35:09 +0000
Processing by UsersController#new as HTML
  Rendering layout layouts/application.html.erb
  Rendering users/new.html.erb within layouts/application
  Rendered users/new.html.erb within layouts/application (Duration: 1.2ms | Allocations: 1127)
  Rendered layout layouts/application.html.erb (Duration: 1.5ms | Allocations: 1247)
Completed 200 OK in 29ms (Views: 2.1ms | ActiveRecord: 3.9ms | Allocations: 17717)


Started POST "/users" for 192.168.65.1 at 2026-01-17 15:35:34 +0000
Processing by UsersController#create as HTML
  Parameters: {"authenticity_token"=>"h3CdNGLM9I9M1NF6IyZKAf3wG5VoSUntCAcrWx0rUYtzf1osELkDxKqYFP_hXwmEB32LKuqvt4uty4-knYHL_A", "user"=>{"email"=>"lodossw@gmail.com", "name"=>"이종석", "password"=>"12345"}, "commit"=>"가입하기"}
  [1m[36mTRANSACTION (0.3ms)[0m  [1m[35mBEGIN[0m
  ↳ app/controllers/users_controller.rb:13:in `create'
  [1m[36mUser Create (2.2ms)[0m  [1m[32mINSERT INTO "users" ("email", "name", "password", "is_admin", "created_at", "updated_at") VALUES ($1, $2, $3, $4, $5, $6) RETURNING "id"[0m  [["email", "lodossw@gmail.com"], ["name", "이종석"], ["password", "12345"], ["is_admin", false], ["created_at", "2026-01-17 15:35:34.723730"], ["updated_at", "2026-01-17 15:35:34.723730"]]
  ↳ app/controllers/users_controller.rb:13:in `create'
  [1m[36mTRANSACTION (0.8ms)[0m  [1m[35mCOMMIT[0m
  ↳ app/controllers/users_controller.rb:13:in `create'
Redirected to http://localhost:3000/login
Completed 302 Found in 10ms (ActiveRecord: 3.3ms | Allocations: 2750)


Started GET "/login" for 192.168.65.1 at 2026-01-17 15:35:34 +0000
Processing by SessionsController#new as HTML
  Rendering layout layouts/application.html.erb
  Rendering sessions/new.html.erb within layouts/application
  Rendered sessions/new.html.erb within layouts/application (Duration: 1.2ms | Allocations: 577)
  Rendered layout layouts/application.html.erb (Duration: 1.5ms | Allocations: 702)
Completed 200 OK in 2ms (Views: 2.0ms | ActiveRecord: 0.0ms | Allocations: 899)


Started POST "/login" for 192.168.65.1 at 2026-01-17 15:35:43 +0000
Processing by SessionsController#create as HTML
  Parameters: {"authenticity_token"=>"5E8jLeUMnkgY1S60rouUkMqbwAbZT73Tis6t_Ek018V26pBWXPNG39mKR03CEo5TsCIX8ylD0vDJdH9L-5tHyQ", "email"=>"lodossw@gmail.com", "password"=>"1234", "commit"=>"로그인"}
  [1m[36mUser Load (1.2ms)[0m  [1m[34mSELECT "users".* FROM "users" WHERE (email = 'lodossw@gmail.com' AND password = '1234') ORDER BY "users"."id" ASC LIMIT $1[0m  [["LIMIT", 1]]
  ↳ app/controllers/sessions_controller.rb:11:in `create'
  Rendering layout layouts/application.html.erb
  Rendering sessions/new.html.erb within layouts/application
  Rendered sessions/new.html.erb within layouts/application (Duration: 1.0ms | Allocations: 307)
  Rendered layout layouts/application.html.erb (Duration: 1.9ms | Allocations: 422)
Completed 422 Unprocessable Content in 12ms (Views: 2.9ms | ActiveRecord: 1.2ms | Allocations: 3731)


Started POST "/login" for 192.168.65.1 at 2026-01-17 15:35:50 +0000
Processing by SessionsController#create as HTML
  Parameters: {"authenticity_token"=>"wdMoAtciIYMuvKJNtSRBanCF4Vf7YRQTAbfcXn2JkiNTdpt5bt35FO_jy7TZvVupCjw2ogttezBCDQ7pzyYCLw", "email"=>"lodossw@gmail.com", "password"=>"12345", "commit"=>"로그인"}
  [1m[36mUser Load (0.7ms)[0m  [1m[34mSELECT "users".* FROM "users" WHERE (email = 'lodossw@gmail.com' AND password = '12345') ORDER BY "users"."id" ASC LIMIT $1[0m  [["LIMIT", 1]]
  ↳ app/controllers/sessions_controller.rb:11:in `create'
Redirected to http://localhost:3000/users
Completed 302 Found in 4ms (ActiveRecord: 0.7ms | Allocations: 918)


Started GET "/users" for 192.168.65.1 at 2026-01-17 15:35:50 +0000
Processing by UsersController#index as HTML
  [1m[36mUser Load (0.2ms)[0m  [1m[34mSELECT "users".* FROM "users" WHERE "users"."id" = $1 LIMIT $2[0m  [["id", 3], ["LIMIT", 1]]
  ↳ app/controllers/application_controller.rb:9:in `current_user'
  Rendering layout layouts/application.html.erb
  Rendering users/index.html.erb within layouts/application
  [1m[36mUser Load (0.2ms)[0m  [1m[34mSELECT "users".* FROM "users"[0m
  ↳ app/views/users/index.html.erb:16
  Rendered users/index.html.erb within layouts/application (Duration: 1.7ms | Allocations: 776)
  Rendered layout layouts/application.html.erb (Duration: 2.2ms | Allocations: 956)
Completed 200 OK in 9ms (Views: 2.7ms | ActiveRecord: 0.6ms | Allocations: 2722)


Started GET "/logout" for 192.168.65.1 at 2026-01-17 15:36:09 +0000
  
ActionController::RoutingError (No route matches [GET] "/logout"):
  
Started GET "/users" for 192.168.65.1 at 2026-01-17 15:36:15 +0000
Processing by UsersController#index as HTML
  [1m[36mUser Load (0.3ms)[0m  [1m[34mSELECT "users".* FROM "users" WHERE "users"."id" = $1 LIMIT $2[0m  [["id", 3], ["LIMIT", 1]]
  ↳ app/controllers/application_controller.rb:9:in `current_user'
  Rendering layout layouts/application.html.erb
  Rendering users/index.html.erb within layouts/application
  [1m[36mUser Load (0.5ms)[0m  [1m[34mSELECT "users".* FROM "users"[0m
  ↳ app/views/users/index.html.erb:16
  Rendered users/index.html.erb within layouts/application (Duration: 2.0ms | Allocations: 504)
  Rendered layout layouts/application.html.erb (Duration: 3.0ms | Allocations: 670)
Completed 200 OK in 7ms (Views: 3.5ms | ActiveRecord: 0.8ms | Allocations: 1544)


Started GET "/logout" for 192.168.65.1 at 2026-01-17 15:36:18 +0000
  
ActionController::RoutingError (No route matches [GET] "/logout"):
  
Started GET "/users" for 192.168.65.1 at 2026-01-17 15:38:20 +0000
Processing by UsersController#index as HTML
  [1m[36mUser Load (0.1ms)[0m  [1m[34mSELECT "users".* FROM "users" WHERE "users"."id" = $1 LIMIT $2[0m  [["id", 3], ["LIMIT", 1]]
  ↳ app/controllers/application_controller.rb:9:in `current_user'
  Rendering layout layouts/application.html.erb
  Rendering users/index.html.erb within layouts/application
  [1m[36mUser Load (0.1ms)[0m  [1m[34mSELECT "users".* FROM "users"[0m
  ↳ app/views/users/index.html.erb:16
  Rendered users/index.html.erb within layouts/application (Duration: 1.1ms | Allocations: 785)
  Rendered layout layouts/application.html.erb (Duration: 1.6ms | Allocations: 1215)
Completed 200 OK in 9ms (Views: 2.3ms | ActiveRecord: 1.7ms | Allocations: 6675)


Started GET "/logout" for 192.168.65.1 at 2026-01-17 15:38:21 +0000
Processing by SessionsController#destroy as HTML
Redirected to http://localhost:3000/login
Completed 302 Found in 2ms (ActiveRecord: 0.0ms | Allocations: 426)


Started GET "/login" for 192.168.65.1 at 2026-01-17 15:38:21 +0000
Processing by SessionsController#new as HTML
  Rendering layout layouts/application.html.erb
  Rendering sessions/new.html.erb within layouts/application
  Rendered sessions/new.html.erb within layouts/application (Duration: 2.1ms | Allocations: 872)
  Rendered layout layouts/application.html.erb (Duration: 2.6ms | Allocations: 996)
Completed 200 OK in 4ms (Views: 3.6ms | ActiveRecord: 0.0ms | Allocations: 1355)


Started GET "/users" for 192.168.65.1 at 2026-01-17 15:38:33 +0000
Processing by UsersController#index as HTML
Redirected to http://localhost:3000/login
Filter chain halted as :require_login rendered or redirected
Completed 302 Found in 2ms (ActiveRecord: 0.0ms | Allocations: 407)


Started GET "/login" for 192.168.65.1 at 2026-01-17 15:38:33 +0000
Processing by SessionsController#new as HTML
  Rendering layout layouts/application.html.erb
  Rendering sessions/new.html.erb within layouts/application
  Rendered sessions/new.html.erb within layouts/application (Duration: 0.9ms | Allocations: 558)
  Rendered layout layouts/application.html.erb (Duration: 1.3ms | Allocations: 681)
Completed 200 OK in 2ms (Views: 1.9ms | ActiveRecord: 0.0ms | Allocations: 876)


